Microchip MPLAB XC8 Compiler V2.32

Linker command line:

-W-3 --edf=C:\Program Files\Microchip\xc8\v2.32\pic\dat\en_msgs.txt -cn \
  -h+dist/default/production\ProjetoFinal_RafaelHadzic_2020010302.X.production.sym \
  --cmf=dist/default/production\ProjetoFinal_RafaelHadzic_2020010302.X.production.cmf \
  -z -Q18F4520 -oC:\Users\rafae\AppData\Local\Temp\xcAs8as.4 \
  --defsym=__MPLAB_BUILD=1 \
  -Mdist/default/production/ProjetoFinal_RafaelHadzic_2020010302.X.production.map \
  -E1 -ver=XC8 Compiler --acfsm=1493 -ASTACK=080h-05FFh -pstack=STACK \
  -ACODE=00h-07FFFh -ACONST=00h-07FFFh -ASMALLCONST=0600h-06FFhx122 \
  -AMEDIUMCONST=0600h-07FFFh -ACOMRAM=01h-07Fh -AABS1=00h-05FFh \
  -ABIGRAM=01h-05FFh -ARAM=080h-0FFh,0100h-01FFhx5 -ABANK0=080h-0FFh \
  -ABANK1=0100h-01FFh -ABANK2=0200h-02FFh -ABANK3=0300h-03FFh \
  -ABANK4=0400h-04FFh -ABANK5=0500h-05FFh -ASFR=0F80h-0FFFh \
  -ACONFIG=0300000h-030000Dh -AIDLOC=0200000h-0200007h \
  -AEEDATA=0F00000h-0F000FFh -peeprom_data=EEDATA \
  -preset_vec=00h,intcode,intcodelo,powerup,init -pramtop=0600h \
  -psmallconst=SMALLCONST -pmediumconst=MEDIUMCONST -pconst=CONST \
  -AFARRAM=00h-00h \
  -prdata=COMRAM,nvrram=COMRAM,nvbit=COMRAM,rbss=COMRAM,rbit=COMRAM \
  -pfarbss=FARRAM,fardata=FARRAM,nvFARRAM=FARRAM \
  -pintsave_regs=BIGRAM,bigbss=BIGRAM,bigdata=BIGRAM -pbss=RAM \
  -pidata=CODE,irdata=CODE,ibigdata=CODE,ifardata=CODE -prparam=COMRAM \
  C:\Users\rafae\AppData\Local\Temp\xcAs8as.o \
  dist/default/production\ProjetoFinal_RafaelHadzic_2020010302.X.production.o 

Object code version is 3.11

Machine type is 18F4520



                Name                               Link     Load   Length Selector   Space Scale
C:\Users\rafae\AppData\Local\Temp\xcAs8as.o
                idloc                            200000   200000        8        0       5
                config                           300000   300000        E        0       4
                init                                  0        0        4        0       0
dist/default/production\ProjetoFinal_RafaelHadzic_2020010302.X.production.o
                idloc                            200000   200000        8        0       5
                config                           300000   300000        E        0       4
                smallconst                          600      600       88      300       0
                text24                             1146     1146       C4      344       0
                text23                             12BE     12BE       B0      344       0
                text22                             15D0     15D0       26      344       0
                text21                             1518     1518       3E      344       0
                text20                             165E     165E        8      344       0
                text19                             1580     1580       2A      344       0
                text18                             136E     136E       5C      344       0
                text17                             1556     1556       2A      344       0
                text16                             14C8     14C8       50      344       0
                text15                             120A     120A       B4      344       0
                text14                              D70      D70      17A      344       0
                text13                             1654     1654        A      344       0
                text12                             164A     164A        A      344       0
                text11                             103A     103A      10C      344       0
                text10                             15AA     15AA       26      344       0
                text9                              1636     1636       14      344       0
                text8                              1622     1622       14      344       0
                text7                              160C     160C       16      344       0
                text6                              1478     1478       50      344       0
                text5                              13CA     13CA       58      344       0
                text4                               8D6      8D6      24E      344       0
                text3                              1422     1422       56      344       0
                text2                               688      688      24E      344       0
                text1                               EEA      EEA      150      344       0
                text0                               B24      B24      24C      344       0
                cstackCOMRAM                          1        1       1C        1       1
                bssCOMRAM                            1D       1D        C        1       1
                cinit                              15F6     15F6       16      344       0

TOTAL           Name                               Link     Load   Length     Space
        CLASS   STACK          

        CLASS   CODE           
                init                                  0        0        4         0
                text24                             1146     1146       C4         0
                text23                             12BE     12BE       B0         0
                text22                             15D0     15D0       26         0
                text21                             1518     1518       3E         0
                text20                             165E     165E        8         0
                text19                             1580     1580       2A         0
                text18                             136E     136E       5C         0
                text17                             1556     1556       2A         0
                text16                             14C8     14C8       50         0
                text15                             120A     120A       B4         0
                text14                              D70      D70      17A         0
                text13                             1654     1654        A         0
                text12                             164A     164A        A         0
                text11                             103A     103A      10C         0
                text10                             15AA     15AA       26         0
                text9                              1636     1636       14         0
                text8                              1622     1622       14         0
                text7                              160C     160C       16         0
                text6                              1478     1478       50         0
                text5                              13CA     13CA       58         0
                text4                               8D6      8D6      24E         0
                text3                              1422     1422       56         0
                text2                               688      688      24E         0
                text1                               EEA      EEA      150         0
                text0                               B24      B24      24C         0
                cinit                              15F6     15F6       16         0

        CLASS   CONST          

        CLASS   SMALLCONST     
                smallconst                          600      600       88         0

        CLASS   MEDIUMCONST    

        CLASS   COMRAM         
                cstackCOMRAM                          1        1       1C         1
                bssCOMRAM                            1D       1D        C         1

        CLASS   ABS1           

        CLASS   BIGRAM         

        CLASS   RAM            

        CLASS   BANK0          

        CLASS   BANK1          

        CLASS   BANK2          

        CLASS   BANK3          

        CLASS   BANK4          

        CLASS   BANK5          

        CLASS   SFR            

        CLASS   CONFIG         
                config                           300000   300000        E         4

        CLASS   IDLOC          
                idloc                            200000   200000        8         5

        CLASS   EEDATA         

        CLASS   FARRAM         



SEGMENTS        Name                           Load    Length   Top    Selector   Space  Class

                reset_vec                      000000  000004  000004         0       0  CODE    
                cstackCOMRAM                   000001  000028  000029         1       1  COMRAM  
                smallconst                     000600  000088  000688       300       0  SMALLCON
                text2                          000688  000FDE  001666       344       0  CODE    


UNUSED ADDRESS RANGES

        Name                Unused          Largest block    Delta
        BANK0            000080-0000FF               80
        BANK1            000100-0001FF              100
        BANK2            000200-0002FF              100
        BANK3            000300-0003FF              100
        BANK4            000400-0004FF              100
        BANK5            000500-0005FF              100
        BIGRAM           000029-0005FF              5D7
        CODE             000004-0005FF              5FC
                         001666-007FFF             699A
        COMRAM           000029-00007F               57
        CONST            000004-0005FF              5FC
                         001666-007FFF             699A
        EEDATA           F00000-F000FF              100
        MEDIUMCONST      001666-007FFF             699A
        RAM              000080-0005FF              100
        SFR              000F80-000FFF               80
        SMALLCONST       001666-007FFF              100
        STACK            000080-0005FF              580

                                  Symbol Table

?___aldiv                cstackCOMRAM 000001
?___awdiv                cstackCOMRAM 000001
?___awmod                cstackCOMRAM 000009
?___wmul                 cstackCOMRAM 000001
?_kpRead                 cstackCOMRAM 000001
_CCP1CON                 (abs)        000FBD
_CCP2CON                 (abs)        000FBA
_CCPR1L                  (abs)        000FBE
_CCPR2L                  (abs)        000FBB
_PIR1bits                (abs)        000F9E
_PORTA                   (abs)        000F80
_PORTB                   (abs)        000F81
_PORTC                   (abs)        000F82
_PORTD                   (abs)        000F83
_PORTE                   (abs)        000F84
_PORTEbits               (abs)        000F84
_PR2                     (abs)        000FCB
_RCREG                   (abs)        000FAE
_RCSTAbits               (abs)        000FAB
_SPBRG                   (abs)        000FAF
_T2CON                   (abs)        000FCA
_TRISA                   (abs)        000F92
_TRISB                   (abs)        000F93
_TRISC                   (abs)        000F94
_TRISD                   (abs)        000F95
_TRISE                   (abs)        000F96
_TXREG                   (abs)        000FAD
_TXSTAbits               (abs)        000FAC
__HRAM                   (abs)        000000
__Habs1                  abs1         000000
__Hbank0                 bank0        000000
__Hbank1                 bank1        000000
__Hbank2                 bank2        000000
__Hbank3                 bank3        000000
__Hbank4                 bank4        000000
__Hbank5                 bank5        000000
__Hbigbss                bigbss       000000
__Hbigdata               bigdata      000000
__Hbigram                bigram       000000
__Hbss                   bss          000000
__HbssCOMRAM             bssCOMRAM    000000
__Hcinit                 cinit        000000
__Hclrtext               clrtext      000000
__Hcomram                comram       000000
__Hconfig                config       30000E
__Hconst                 const        000000
__HcstackCOMRAM          cstackCOMRAM 000000
__Hdata                  data         000000
__Heeprom_data           eeprom_data  000000
__Hfarbss                farbss       000000
__Hfardata               fardata      000000
__Hibigdata              ibigdata     000000
__Hidata                 idata        000000
__Hidloc                 idloc        200008
__Hifardata              ifardata     000000
__Hinit                  init         000004
__Hintcode               intcode      000000
__Hintcode_body          intcode_body 000000
__Hintcodelo             intcodelo    000000
__Hintentry              intentry     000000
__Hintret                intret       000000
__Hintsave_regs          intsave_regs 000000
__Hirdata                irdata       000000
__Hmediumconst           mediumconst  000000
__HnvFARRAM              nvFARRAM     000000
__Hnvbit                 nvbit        000000
__Hnvrram                nvrram       000000
__Hparam                 rparam       000000
__Hpowerup               powerup      000000
__Hram                   ram          000000
__Hramtop                ramtop       000600
__Hrbit                  rbit         000000
__Hrbss                  rbss         000000
__Hrdata                 rdata        000000
__Hreset_vec             reset_vec    000000
__Hrparam                rparam       000000
__Hsfr                   sfr          000000
__Hsmallconst            smallconst   000688
__Hspace_0               (abs)        001666
__Hspace_1               (abs)        000029
__Hspace_2               (abs)        000000
__Hspace_4               (abs)        60000E
__Hstack                 stack        000000
__Hstruct                struct       000000
__Htemp                  temp         000000
__Htext                  text         000000
__Htext0                 text0        000000
__Htext1                 text1        000000
__Htext10                text10       000000
__Htext11                text11       000000
__Htext12                text12       000000
__Htext13                text13       000000
__Htext14                text14       000000
__Htext15                text15       000000
__Htext16                text16       000000
__Htext17                text17       000000
__Htext18                text18       000000
__Htext19                text19       000000
__Htext2                 text2        000000
__Htext20                text20       000000
__Htext21                text21       000000
__Htext22                text22       000000
__Htext23                text23       000000
__Htext24                text24       000000
__Htext3                 text3        000000
__Htext4                 text4        000000
__Htext5                 text5        000000
__Htext6                 text6        000000
__Htext7                 text7        000000
__Htext8                 text8        000000
__Htext9                 text9        000000
__LRAM                   (abs)        000001
__Labs1                  abs1         000000
__Lbank0                 bank0        000000
__Lbank1                 bank1        000000
__Lbank2                 bank2        000000
__Lbank3                 bank3        000000
__Lbank4                 bank4        000000
__Lbank5                 bank5        000000
__Lbigbss                bigbss       000000
__Lbigdata               bigdata      000000
__Lbigram                bigram       000000
__Lbss                   bss          000000
__LbssCOMRAM             bssCOMRAM    000000
__Lcinit                 cinit        000000
__Lclrtext               clrtext      000000
__Lcomram                comram       000000
__Lconfig                config       000000
__Lconst                 const        000000
__LcstackCOMRAM          cstackCOMRAM 000000
__Ldata                  data         000000
__Leeprom_data           eeprom_data  000000
__Lfarbss                farbss       000000
__Lfardata               fardata      000000
__Libigdata              ibigdata     000000
__Lidata                 idata        000000
__Lidloc                 idloc        000000
__Lifardata              ifardata     000000
__Linit                  init         000000
__Lintcode               intcode      000000
__Lintcode_body          intcode_body 000000
__Lintcodelo             intcodelo    000000
__Lintentry              intentry     000000
__Lintret                intret       000000
__Lintsave_regs          intsave_regs 000000
__Lirdata                irdata       000000
__Lmediumconst           mediumconst  000000
__LnvFARRAM              nvFARRAM     000000
__Lnvbit                 nvbit        000000
__Lnvrram                nvrram       000000
__Lparam                 rparam       000000
__Lpowerup               powerup      000000
__Lram                   ram          000000
__Lramtop                ramtop       000600
__Lrbit                  rbit         000000
__Lrbss                  rbss         000000
__Lrdata                 rdata        000000
__Lreset_vec             reset_vec    000000
__Lrparam                rparam       000000
__Lsfr                   sfr          000000
__Lsmallconst            smallconst   000600
__Lspace_0               (abs)        000000
__Lspace_1               (abs)        000000
__Lspace_2               (abs)        000000
__Lspace_4               (abs)        000000
__Lstack                 stack        000000
__Lstruct                struct       000000
__Ltemp                  temp         000000
__Ltext                  text         000000
__Ltext0                 text0        000000
__Ltext1                 text1        000000
__Ltext10                text10       000000
__Ltext11                text11       000000
__Ltext12                text12       000000
__Ltext13                text13       000000
__Ltext14                text14       000000
__Ltext15                text15       000000
__Ltext16                text16       000000
__Ltext17                text17       000000
__Ltext18                text18       000000
__Ltext19                text19       000000
__Ltext2                 text2        000000
__Ltext20                text20       000000
__Ltext21                text21       000000
__Ltext22                text22       000000
__Ltext23                text23       000000
__Ltext24                text24       000000
__Ltext3                 text3        000000
__Ltext4                 text4        000000
__Ltext5                 text5        000000
__Ltext6                 text6        000000
__Ltext7                 text7        000000
__Ltext8                 text8        000000
__Ltext9                 text9        000000
__S0                     (abs)        001666
__S1                     (abs)        000029
__S2                     (abs)        000000
__S4                     (abs)        000000
__S5                     (abs)        000000
___aldiv                 text11       00103A
___aldiv@counter         cstackCOMRAM 000009
___aldiv@dividend        cstackCOMRAM 000001
___aldiv@divisor         cstackCOMRAM 000005
___aldiv@quotient        cstackCOMRAM 00000B
___aldiv@sign            cstackCOMRAM 00000A
___awdiv                 text24       001146
___awdiv@counter         cstackCOMRAM 000005
___awdiv@dividend        cstackCOMRAM 000001
___awdiv@divisor         cstackCOMRAM 000003
___awdiv@quotient        cstackCOMRAM 000007
___awdiv@sign            cstackCOMRAM 000006
___awmod                 text23       0012BE
___awmod@counter         cstackCOMRAM 00000D
___awmod@dividend        cstackCOMRAM 000009
___awmod@divisor         cstackCOMRAM 00000B
___awmod@sign            cstackCOMRAM 00000E
___inthi_sp              stack        000000
___intlo_sp              stack        000000
___param_bank            (abs)        000000
___rparam_used           (abs)        000001
___sp                    stack        000000
___wmul                  text22       0015D0
___wmul@multiplicand     cstackCOMRAM 000003
___wmul@multiplier       cstackCOMRAM 000001
___wmul@product          cstackCOMRAM 000005
__accesstop              (abs)        000080
__activetblptr           (abs)        000002
__end_of___aldiv         text11       001146
__end_of___awdiv         text24       00120A
__end_of___awmod         text23       00136E
__end_of___wmul          text22       0015F6
__end_of__initialization cinit        001602
__end_of_atraso_ms       text21       001556
__end_of_digitalWrite    text2        0008D6
__end_of_initial         text15       0012BE
__end_of_kpDebounce      text14       000EEA
__end_of_kpInit          text13       00165E
__end_of_kpRead          text12       001654
__end_of_lcd_cmd         text19       0015AA
__end_of_lcd_dat         text17       001580
__end_of_lcd_init        text18       0013CA
__end_of_lcd_str         text16       001518
__end_of_lcd_wr          text20       001666
__end_of_main            text0        000D70
__end_of_pinMode         text4        000B24
__end_of_pwmFrequency    text10       0015D0
__end_of_pwmInit         text9        00164A
__end_of_serial_init     text8        001636
__end_of_serial_tx       text7        001622
__end_of_serial_tx_str   text6        0014C8
__end_of_ssdDigit        text5        001422
__end_of_ssdInit         text3        001478
__end_of_ssdUpdate       text1        00103A
__end_of_valor@ssd$F394  smallconst   000611
__initialization         cinit        0015F6
__mediumconst            mediumconst  000000
__pbssCOMRAM             bssCOMRAM    00001D
__pcinit                 cinit        0015F6
__pcstackCOMRAM          cstackCOMRAM 000001
__psmallconst            smallconst   000600
__ptext0                 text0        000B24
__ptext1                 text1        000EEA
__ptext10                text10       0015AA
__ptext11                text11       00103A
__ptext12                text12       00164A
__ptext13                text13       001654
__ptext14                text14       000D70
__ptext15                text15       00120A
__ptext16                text16       0014C8
__ptext17                text17       001556
__ptext18                text18       00136E
__ptext19                text19       001580
__ptext2                 text2        000688
__ptext20                text20       00165E
__ptext21                text21       001518
__ptext22                text22       0015D0
__ptext23                text23       0012BE
__ptext24                text24       001146
__ptext3                 text3        001422
__ptext4                 text4        0008D6
__ptext5                 text5        0013CA
__ptext6                 text6        001478
__ptext7                 text7        00160C
__ptext8                 text8        001622
__ptext9                 text9        001636
__ramtop                 ramtop       000600
__size_of___aldiv        (abs)        000000
__size_of___awdiv        (abs)        000000
__size_of___awmod        (abs)        000000
__size_of___wmul         (abs)        000000
__size_of_atraso_ms      (abs)        000000
__size_of_digitalWrite   (abs)        000000
__size_of_initial        (abs)        000000
__size_of_kpDebounce     (abs)        000000
__size_of_kpInit         (abs)        000000
__size_of_kpRead         (abs)        000000
__size_of_lcd_cmd        (abs)        000000
__size_of_lcd_dat        (abs)        000000
__size_of_lcd_init       (abs)        000000
__size_of_lcd_str        (abs)        000000
__size_of_lcd_wr         (abs)        000000
__size_of_main           (abs)        000000
__size_of_pinMode        (abs)        000000
__size_of_pwmFrequency   (abs)        000000
__size_of_pwmInit        (abs)        000000
__size_of_serial_init    (abs)        000000
__size_of_serial_tx      (abs)        000000
__size_of_serial_tx_str  (abs)        000000
__size_of_ssdDigit       (abs)        000000
__size_of_ssdInit        (abs)        000000
__size_of_ssdUpdate      (abs)        000000
__smallconst             smallconst   000600
_atraso_ms               text21       001518
_digitalWrite            text2        000688
_display                 bssCOMRAM    000027
_initial                 text15       00120A
_kpDebounce              text14       000D70
_kpInit                  text13       001654
_kpRead                  text12       00164A
_lcd_cmd                 text19       001580
_lcd_dat                 text17       001556
_lcd_init                text18       00136E
_lcd_str                 text16       0014C8
_lcd_wr                  text20       00165E
_main                    text0        000B24
_pinMode                 text4        0008D6
_pwmFrequency            text10       0015AA
_pwmInit                 text9        001636
_serial_init             text8        001622
_serial_tx               text7        00160C
_serial_tx_str           text6        001478
_ssdDigit                text5        0013CA
_ssdInit                 text3        001422
_ssdUpdate               text1        000EEA
_v0                      bssCOMRAM    000026
_v1                      bssCOMRAM    000025
_v2                      bssCOMRAM    000024
_v3                      bssCOMRAM    000023
_valor                   bssCOMRAM    000021
_valor@ssd$F394          smallconst   000601
atraso_ms@i              cstackCOMRAM 000003
atraso_ms@j              cstackCOMRAM 000005
atraso_ms@valor          cstackCOMRAM 000001
digitalWrite@pin         cstackCOMRAM 000001
digitalWrite@value       cstackCOMRAM 000003
end_of_initialization    cinit        001602
intlevel0                text         000000
intlevel1                text         000000
intlevel2                text         000000
intlevel3                text         000000
isa$std                  (abs)        000001
isa$xinst                (abs)        000000
kpDebounce@i             cstackCOMRAM 00000A
kpDebounce@j             cstackCOMRAM 000009
kpDebounce@k             cstackCOMRAM 000007
kpDebounce@old_D         cstackCOMRAM 000006
kpDebounce@tempo         bssCOMRAM    000028
kpDebounce@valorAntigo   bssCOMRAM    00001D
kpDebounce@valorNovo     bssCOMRAM    00001F
lcd_cmd@val              cstackCOMRAM 000006
lcd_dat@val              cstackCOMRAM 000006
lcd_str@i                cstackCOMRAM 00000B
lcd_str@str              cstackCOMRAM 000007
lcd_wr@val               cstackCOMRAM 000001
main@beat                cstackCOMRAM 00001A
main@i                   cstackCOMRAM 00001C
main@k                   cstackCOMRAM 000017
main@l                   cstackCOMRAM 000015
main@result              cstackCOMRAM 000018
main@tecla               cstackCOMRAM 000013
main@tempo               cstackCOMRAM 000011
pinMode@pin              cstackCOMRAM 000001
pinMode@type             cstackCOMRAM 000003
pwmFrequency@freq        cstackCOMRAM 00000F
serial_tx@val            cstackCOMRAM 000001
serial_tx_str@i          cstackCOMRAM 000006
serial_tx_str@val        cstackCOMRAM 000002
ssdDigit@pos             cstackCOMRAM 00000F
ssdDigit@val             cstackCOMRAM 000010
stackhi                  (abs)        0005FF
stacklo                  (abs)        000080
start                    init         000000
start_initialization     cinit        0015F6


MODULE INFORMATION

Module		Function		Class		Link	Load	Size
C:\Program Files\Microchip\xc8\v2.32\pic\sources\c99\common\awdiv.c
		___awdiv       		CODE           	1146	0000	196

C:\Program Files\Microchip\xc8\v2.32\pic\sources\c99\common\awdiv.c estimated size: 196

C:\Program Files\Microchip\xc8\v2.32\pic\sources\c99\common\aldiv.c
		___aldiv       		CODE           	103A	0000	268

C:\Program Files\Microchip\xc8\v2.32\pic\sources\c99\common\aldiv.c estimated size: 268

C:/Programacao/Embarcada/ProjetoFinal_RafaelHadzic_2020010302.X/ssd.c
		_ssdInit       		CODE           	1422	0000	86
		_ssdDigit      		CODE           	13CA	0000	88
		_ssdUpdate     		CODE           	0EEA	0000	336

C:/Programacao/Embarcada/ProjetoFinal_RafaelHadzic_2020010302.X/ssd.c estimated size: 510

C:/Programacao/Embarcada/ProjetoFinal_RafaelHadzic_2020010302.X/io.c
		_digitalWrite  		CODE           	0688	0000	590
		_pinMode       		CODE           	08D6	0000	590

C:/Programacao/Embarcada/ProjetoFinal_RafaelHadzic_2020010302.X/io.c estimated size: 1180

C:/Programacao/Embarcada/ProjetoFinal_RafaelHadzic_2020010302.X/atraso.c
		_atraso_ms     		CODE           	1518	0000	62

C:/Programacao/Embarcada/ProjetoFinal_RafaelHadzic_2020010302.X/atraso.c estimated size: 62

C:\Program Files\Microchip\xc8\v2.32\pic\sources\c99\common\Umul16.c
		___wmul        		CODE           	15D0	0000	38

C:\Program Files\Microchip\xc8\v2.32\pic\sources\c99\common\Umul16.c estimated size: 38

C:/Programacao/Embarcada/ProjetoFinal_RafaelHadzic_2020010302.X/pwm.c
		_pwmInit       		CODE           	1636	0000	20
		_pwmFrequency  		CODE           	15AA	0000	38

C:/Programacao/Embarcada/ProjetoFinal_RafaelHadzic_2020010302.X/pwm.c estimated size: 58

shared
		__initialization		CODE           	15F6	0000	12
		_valor@ssd$F394		SMALLCONST     	0601	0000	16

shared estimated size: 28

C:\Program Files\Microchip\xc8\v2.32\pic\sources\c99\common\awmod.c
		___awmod       		CODE           	12BE	0000	176

C:\Program Files\Microchip\xc8\v2.32\pic\sources\c99\common\awmod.c estimated size: 176

C:/Programacao/Embarcada/ProjetoFinal_RafaelHadzic_2020010302.X/keypad.c
		_kpInit        		CODE           	1654	0000	10
		_kpDebounce    		CODE           	0D70	0000	378
		_kpRead        		CODE           	164A	0000	10

C:/Programacao/Embarcada/ProjetoFinal_RafaelHadzic_2020010302.X/keypad.c estimated size: 398

C:/Programacao/Embarcada/ProjetoFinal_RafaelHadzic_2020010302.X/lcd.c
		_lcd_cmd       		CODE           	1580	0000	42
		_lcd_dat       		CODE           	1556	0000	42
		_lcd_wr        		CODE           	165E	0000	8
		_lcd_str       		CODE           	14C8	0000	80
		_lcd_init      		CODE           	136E	0000	92

C:/Programacao/Embarcada/ProjetoFinal_RafaelHadzic_2020010302.X/lcd.c estimated size: 264

C:/Programacao/Embarcada/ProjetoFinal_RafaelHadzic_2020010302.X/serial.c
		_serial_tx     		CODE           	160C	0000	22
		_serial_init   		CODE           	1622	0000	20
		_serial_tx_str 		CODE           	1478	0000	80

C:/Programacao/Embarcada/ProjetoFinal_RafaelHadzic_2020010302.X/serial.c estimated size: 122

C:/Programacao/Embarcada/ProjetoFinal_RafaelHadzic_2020010302.X/main.c
		_main          		CODE           	0B24	0000	588
		_initial       		CODE           	120A	0000	180

C:/Programacao/Embarcada/ProjetoFinal_RafaelHadzic_2020010302.X/main.c estimated size: 768

